[2026-05-02 15:45:44] INFO: 
📦 Batch #1 — 40 jobs
[2026-05-02 15:46:26] WARN:   ❌ [A22U4P] Failed — page.goto: Timeout 30000ms exceeded.
Call log:
[2m  - navigating to "https://www.airindiaexpress.com/manage-booking", waiting until "networkidle"[22m

[2026-05-02 15:46:56] WARN:   ❌ [A4YGTM] Failed — page.goto: Timeout 30000ms exceeded.
Call log:
[2m  - navigating to "https://www.airindiaexpress.com/manage-booking", waiting until "networkidle"[22m

[2026-05-02 15:47:27] WARN:   ❌ [A5CLXJ] Failed — page.goto: Timeout 30000ms exceeded.
Call log:
[2m  - navigating to "https://www.airindiaexpress.com/manage-booking", waiting until "networkidle"[22m

[2026-05-02 15:47:57] WARN:   ❌ [B6UHYT] Failed — page.goto: Timeout 30000ms exceeded.
Call log:
[2m  - navigating to "https://www.airindiaexpress.com/manage-booking", waiting until "networkidle"[22m

[2026-05-02 15:47:58] WARN:   ❌ [BV3C6Y] Failed — page.goto: Target page, context or browser has been closed
Call log:
[2m  - navigating to "https://www.airindiaexpress.com/manage-booking", waiting until "networkidle"[22m

[2026-05-02 15:47:58] ERROR: Fatal error in main run loop: browserContext.newPage: Target page, context or browser has been closed
browserContext.newPage: Target page, context or browser has been closed
    at ensureBrowser (/Users/user/Downloads/indigo-scraper-v2/src/airlines/airindiaexpress/scraper.js:63:50)
    at fetchPNR (/Users/user/Downloads/indigo-scraper-v2/src/airlines/airindiaexpress/scraper.js:138:25)
    at processJob (/Users/user/Downloads/indigo-scraper-v2/src/index.js:95:24)
    at run (/Users/user/Downloads/indigo-scraper-v2/src/index.js:168:29)
[2026-05-02 15:58:31] INFO: 
📦 Batch #1 — 40 jobs
[2026-05-02 15:59:01] INFO: 
📦 Batch #1 — 40 jobs
[2026-05-02 15:59:10] INFO:   ✅ [A22U4P] Done — IX 127 | 2
[2026-05-02 15:59:15] INFO:   ✅ [A4YGTM] Done — IX 183 | 2
[2026-05-02 15:59:38] WARN:   ❌ [A5CLXJ] Failed — page.waitForResponse: Timeout 20000ms exceeded while waiting for event "response"
[2026-05-02 15:59:43] INFO:   ✅ [B6UHYT] Done — IX 191 | 2
[2026-05-02 15:59:47] INFO:   ✅ [BV3C6Y] Done — IX 192 | 3
[2026-05-02 15:59:51] INFO:   ✅ [C7954A] Done — IX 191 | 2
[2026-05-02 15:59:55] INFO:   ✅ [CBIS4R] Done — IX 2513 | 3
[2026-05-02 15:59:59] INFO:   ✅ [CYBIPX] Done — IX 1956 | 2
[2026-05-02 16:00:03] INFO:   ✅ [D3QS3Z] Done — IX 1198 | 2
[2026-05-02 16:00:08] INFO:   ✅ [D7QFFQ] Done — IX 491 | 2
[2026-05-02 16:00:09] ERROR: Fatal error in main run loop: browserContext.newPage: Target page, context or browser has been closed
browserContext.newPage: Target page, context or browser has been closed
    at ensureBrowser (/Users/user/Downloads/indigo-scraper-v2/src/airlines/airindiaexpress/scraper.js:63:50)
    at fetchPNR (/Users/user/Downloads/indigo-scraper-v2/src/airlines/airindiaexpress/scraper.js:138:25)
    at processJob (/Users/user/Downloads/indigo-scraper-v2/src/index.js:95:24)
    at run (/Users/user/Downloads/indigo-scraper-v2/src/index.js:168:29)
[2026-05-11 20:56:32] INFO: 
📦 Batch #1 — 40 jobs
[2026-05-11 20:56:47] INFO:   ✅ [A22U4P] Done — IX 127 | CONFIRMED (2)
[2026-05-11 20:56:56] INFO:   ✅ [A4YGTM] Done — IX 183 | CONFIRMED (2)
[2026-05-11 20:57:22] WARN:   ❌ [A5CLXJ] Failed — page.waitForResponse: Timeout 20000ms exceeded while waiting for event "response"
[2026-05-11 20:57:29] INFO:   ✅ [B6UHYT] Done — IX 191 | CONFIRMED (2)
[2026-05-11 20:57:36] INFO:   ✅ [BV3C6Y] Done — IX 192 | CANCELLED (3)
[2026-05-11 20:57:45] INFO:   ✅ [C7954A] Done — IX 191 | CONFIRMED (2)
[2026-05-11 20:57:52] INFO:   ✅ [CBIS4R] Done — IX 2513 | CANCELLED (3)
[2026-05-11 20:58:00] INFO:   ✅ [CYBIPX] Done — IX 1956 | CONFIRMED (2)
[2026-05-11 20:58:10] INFO:   ✅ [D3QS3Z] Done — IX 1198 | CONFIRMED (2)
[2026-05-11 20:58:18] INFO:   ✅ [D7QFFQ] Done — IX 491 | CONFIRMED (2)
[2026-05-11 20:58:25] INFO:   ✅ [DBJNKE] Done — IX 193 | CANCELLED (3)
[2026-05-11 20:58:34] INFO:   ✅ [DBS2QE] Done — IX 192 | CONFIRMED (2)
[2026-05-11 20:58:41] INFO:   ✅ [DUQE7Y] Done — IX 2650 | CONFIRMED (2)
[2026-05-11 20:58:50] INFO:   ✅ [DZT5TV] Done — IX 1144 | CONFIRMED (2)
[2026-05-11 20:58:57] INFO:   ✅ [E2CB2P] Done — IX 241 | CONFIRMED (2)
[2026-05-11 20:59:04] INFO:   ✅ [E5KIHW] Done — IX 2696 | CONFIRMED (2)
[2026-05-11 20:59:14] INFO:   ✅ [E8R3XA] Done — IX 2714 | CONFIRMED (2)
[2026-05-11 20:59:22] INFO:   ✅ [F6GHNT] Done — IX 127 | CONFIRMED (2)
[2026-05-11 20:59:30] INFO:   ✅ [F6VZTT] Done — IX 1176 | CONFIRMED (2)
[2026-05-11 20:59:39] INFO:   ✅ [F81EFA] Done — IX 2011 | CONFIRMED (2)
[2026-05-11 20:59:46] INFO:   ✅ [FB1PHH] Done — IX 2714 | CONFIRMED (2)
[2026-05-11 20:59:53] INFO:   ✅ [FCYZVE] Done — no flight | CANCELLED (3)
[2026-05-11 21:00:00] INFO:   ✅ [FZY9SY] Done — IX 113 | CONFIRMED (2)
[2026-05-11 21:00:09] INFO:   ✅ [G1K4JF] Done — IX 2547 | CONFIRMED (2)
[2026-05-11 21:00:19] INFO:   ✅ [G1Z3FI] Done — IX 2714 | CONFIRMED (2)
[2026-05-11 21:00:27] INFO:   ✅ [G3SK7M] Done — IX 145 | CONFIRMED (2)
[2026-05-11 21:00:34] INFO:   ✅ [G87K3N] Done — IX 183 | CANCELLED (3)
[2026-05-11 21:00:43] INFO:   ✅ [GC61QE] Done — IX 192 | CONFIRMED (2)
[2026-05-11 21:00:49] INFO:   ✅ [H1HJXV] Done — IX 1331 | CONFIRMED (2)
[2026-05-11 21:00:59] INFO:   ✅ [H6VHTT] Done — IX 168 | CANCELLED (3)
[2026-05-11 21:01:08] INFO:   ✅ [H73L6Q] Done — IX 192 | CONFIRMED (2)
[2026-05-11 21:01:17] INFO:   ✅ [H8BUYQ] Done — no flight | CANCELLED (3)
[2026-05-11 21:01:26] INFO:   ✅ [H9RPGK] Done — IX 137 | CONFIRMED (2)
[2026-05-11 21:01:33] INFO:   ✅ [HBCU4E] Done — IX 1068 | CONFIRMED (2)
[2026-05-11 21:01:41] INFO:   ✅ [HC8FKR] Done — IX 1937 | CONFIRMED (2)
[2026-05-11 21:01:49] INFO:   ✅ [I25HQF] Done — IX 1068 | CONFIRMED (2)
[2026-05-11 21:01:57] INFO:   ✅ [I8F2FA] Done — IX 168 | CANCELLED (3)
[2026-05-11 21:02:06] INFO:   ✅ [IUBQSB] Done — IX 2665 | CONFIRMED (2)
[2026-05-11 21:02:14] INFO:   ✅ [IVCU6Y] Done — no flight | CANCELLED (3)
[2026-05-11 21:02:23] INFO:   ✅ [J1R39S] Done — IX 137 | CONFIRMED (2)
[2026-05-11 21:02:23] INFO: 
✅ Batch #1 complete — 39 succeeded, 1 failed
[2026-05-11 21:02:23] INFO: Starting IP rotation...
[2026-05-11 21:02:24] INFO: 🔄 Starting IP rotation (brand: tplink)...
[2026-05-11 21:02:24] WARN: Could not reboot router via HTTP. Trying fallback (ping method)...
[2026-05-11 21:02:24] INFO: ⏳ Waiting 35s for router to come back online...
[2026-05-11 21:02:59] INFO: Waiting for IP to change from 223.233.67.67...
[2026-05-11 21:05:05] WARN: ⚠️  IP did not change within timeout. Continuing with same IP.
[2026-05-11 21:05:05] INFO: 
📦 Batch #2 — 40 jobs
[2026-05-11 21:05:33] WARN:   ❌ [A5CLXJ] Failed — page.waitForResponse: Timeout 20000ms exceeded while waiting for event "response"
[2026-05-11 21:05:41] INFO:   ✅ [J3JT2M] Done — IX 2511 | CANCELLED (3)
[2026-05-11 21:05:51] INFO:   ✅ [J4ND8J] Done — IX 2542 | CANCELLED (3)
[2026-05-11 21:05:58] INFO:   ✅ [J5VC8G] Done — IX 1676 | CONFIRMED (2)
[2026-05-11 21:06:04] INFO:   ✅ [JBBIQH] Done — IX 1200 | CONFIRMED (2)
[2026-05-11 21:06:13] INFO:   ✅ [JBE1NH] Done — no flight | CANCELLED (3)
[2026-05-11 21:06:22] INFO:   ✅ [K3LE6M] Done — IX 193 | CONFIRMED (2)
[2026-05-11 21:06:31] INFO:   ✅ [K5JVNJ] Done — IX 196 | CONFIRMED (2)
[2026-05-11 21:06:40] INFO:   ✅ [KBWL7E] Done — IX 2752 | CONFIRMED (2)
[2026-05-11 21:06:47] INFO:   ✅ [L1DHJV] Done — IX 1199 | CANCELLED (3)
[2026-05-11 21:06:55] INFO:   ✅ [L638UJ] Done — IX 2791 | CONFIRMED (2)
[2026-05-11 21:07:05] INFO:   ✅ [L6JLWW] Done — IX 137 | CONFIRMED (2)
[2026-05-11 21:07:14] INFO:   ✅ [LCNMNR] Done — IX 191 | CONFIRMED (2)
[2026-05-11 21:07:22] INFO:   ✅ [LDYYGB] Done — IX 191 | CONFIRMED (2)
[2026-05-11 21:07:31] INFO:   ✅ [LZHNYL] Done — IX 241 | CONFIRMED (2)
[2026-05-11 21:07:40] INFO:   ✅ [M2VJYS] Done — IX 2752 | CONFIRMED (2)
[2026-05-11 21:07:48] INFO:   ✅ [M8LR5N] Done — IX 2872 | CONFIRMED (2)
[2026-05-11 21:07:58] INFO:   ✅ [M9R6SN] Done — IX 183 | CONFIRMED (2)
[2026-05-11 21:08:06] INFO:   ✅ [MB923U] Done — no flight | CANCELLED (3)
[2026-05-11 21:08:15] INFO:   ✅ [MZ5F4Y] Done — IX 1153 | CONFIRMED (2)
[2026-05-11 21:08:24] INFO:   ✅ [MZV97V] Done — IX 127 | CONFIRMED (2)
[2026-05-11 21:08:30] INFO:   ✅ [N1HIKV] Done — no flight | CANCELLED (3)
[2026-05-11 21:08:38] INFO:   ✅ [O3YDFC] Done — IX 196 | CONFIRMED (2)
[2026-05-11 21:08:47] INFO:   ✅ [OCZQ2R] Done — IX 2752 | CONFIRMED (2)
[2026-05-11 21:08:57] INFO:   ✅ [P5PDHJ] Done — IX 2760 | CONFIRMED (2)
[2026-05-11 21:09:04] INFO:   ✅ [P5U9RJ] Done — IX 1012 | CONFIRMED (2)
[2026-05-11 21:09:11] INFO:   ✅ [PD2KQR] Done — IX 255 | CONFIRMED (2)
[2026-05-11 21:09:20] INFO:   ✅ [Q49W9M] Done — IX 137 | CONFIRMED (2)
[2026-05-11 21:09:27] INFO:   ✅ [Q911NA] Done — IX 494 | CANCELLED (3)
[2026-05-11 21:09:34] INFO:   ✅ [S1ZPKY] Done — IX 2665 | CONFIRMED (2)
[2026-05-11 21:09:43] INFO:   ✅ [S27MHV] Done — IX 2546 | CONFIRMED (2)
[2026-05-11 21:09:50] INFO:   ✅ [S28UQV] Done — IX 145 | CONFIRMED (2)
[2026-05-11 21:09:57] INFO:   ✅ [S2KZXV] Done — IX 2714 | CONFIRMED (2)
[2026-05-11 21:10:06] INFO:   ✅ [S2RKMF] Done — IX 1169 | CONFIRMED (2)
[2026-05-11 21:10:15] INFO:   ✅ [S3G2TF] Done — IX 137 | CANCELLED (3)
[2026-05-11 21:10:23] INFO:   ✅ [S8C8RD] Done — no flight | CANCELLED (3)
[2026-05-11 21:10:31] INFO:   ✅ [S8DNTD] Done — no flight | CANCELLED (3)
[2026-05-11 21:10:38] INFO:   ✅ [T1KVSY] Done — IX 164 | CONFIRMED (2)
[2026-05-11 21:10:49] INFO:   ✅ [T3VTPC] Done — IX 195 | CANCELLED (3)
[2026-05-11 21:10:55] INFO:   ✅ [TB6W6H] Done — IX 2714 | CONFIRMED (2)
[2026-05-11 21:10:55] INFO: 
✅ Batch #2 complete — 39 succeeded, 1 failed
[2026-05-11 21:10:55] INFO: Starting IP rotation...
[2026-05-11 21:10:56] INFO: 🔄 Starting IP rotation (brand: tplink)...
[2026-05-11 21:10:56] WARN: Could not reboot router via HTTP. Trying fallback (ping method)...
[2026-05-11 21:10:56] INFO: ⏳ Waiting 35s for router to come back online...
[2026-05-11 21:11:31] INFO: Waiting for IP to change from 223.233.67.67...
[2026-05-11 21:13:37] WARN: ⚠️  IP did not change within timeout. Continuing with same IP.
[2026-05-11 21:13:37] INFO: 
📦 Batch #3 — 22 jobs
[2026-05-11 21:14:06] WARN:   ❌ [A5CLXJ] Failed — page.waitForResponse: Timeout 20000ms exceeded while waiting for event "response"
[2026-05-11 21:14:15] INFO:   ✅ [UD247R] Done — IX 173 | CONFIRMED (2)
[2026-05-11 21:14:24] INFO:   ✅ [V7SEWG] Done — no flight | CANCELLED (3)
[2026-05-11 21:14:33] INFO:   ✅ [V9LJRA] Done — IX 1012 | CONFIRMED (2)
[2026-05-11 21:14:42] INFO:   ✅ [VBQW4U] Done — IX 241 | CONFIRMED (2)
[2026-05-11 21:14:49] INFO:   ✅ [VYTCQK] Done — IX 191 | CONFIRMED (2)
[2026-05-11 21:14:58] INFO:   ✅ [VZJG5Y] Done — IX 1954 | CONFIRMED (2)
[2026-05-11 21:15:08] INFO:   ✅ [W8R7JQ] Done — IX 1227 | CONFIRMED (2)
[2026-05-11 21:15:17] INFO:   ✅ [X48KYC] Done — IX 173 | CONFIRMED (2)
[2026-05-11 21:15:25] INFO:   ✅ [X4IPKP] Done — no flight | CANCELLED (3)
[2026-05-11 21:15:33] INFO:   ✅ [X4P2WP] Done — no flight | CANCELLED (3)
[2026-05-11 21:15:42] INFO:   ✅ [X7YJYW] Done — IX 145 | CANCELLED (3)
[2026-05-11 21:15:49] INFO:   ✅ [X8JZND] Done — no flight | CANCELLED (3)
[2026-05-11 21:15:56] INFO:   ✅ [X8RD4A] Done — IX 832 | CONFIRMED (2)
[2026-05-11 21:16:05] INFO:   ✅ [XZ5H4L] Done — IX 168 | CANCELLED (3)
[2026-05-11 21:16:14] INFO:   ✅ [Y7U4YG] Done — IX 191 | CONFIRMED (2)
[2026-05-11 21:16:22] INFO:   ✅ [Y9F1NQ] Done — IX 2768 | CONFIRMED (2)
[2026-05-11 21:16:31] INFO:   ✅ [Y9ILNA] Done — IX 2714 | CONFIRMED (2)
[2026-05-11 21:16:42] INFO:   ✅ [Y9VETA] Done — IX 1142 | CONFIRMED (2)
[2026-05-11 21:16:52] INFO:   ✅ [YC4THH] Done — IX 1142 | CONFIRMED (2)
[2026-05-11 21:17:01] INFO:   ✅ [ZDZD5R] Done — IX 192 | CONFIRMED (2)
[2026-05-11 21:17:10] INFO:   ✅ [ZUTPSR] Done — IX 137 | CONFIRMED (2)
[2026-05-11 21:17:10] INFO: 
✅ Batch #3 complete — 21 succeeded, 1 failed
